// Jest Snapshot v1, https://goo.gl/fbAQLP

exports[`welcome-view-connected-tests shallow welcome view snapshot test 1`] = `
<View
  style={
    Object {
      "flex": 1,
      "padding": 20,
    }
  }
>
  <View
    style={
      Object {
        "flex": 1,
        "justifyContent": "center",
      }
    }
  >
    <Button
      containerStyle={
        Object {
          "marginHorizontal": 20,
          "marginVertical": 20,
        }
      }
      onPress={[Function]}
      text=""
    />
  </View>
</View>
`;
